127.0.0.1 - - [12/Mar/2023:00:35:21 +0800] "GET /nacos/v1/cs/configs?dataId=gulimall-coupon&group=dev&tenant=7137c009-2bd9-471a-8041-e936a948eb01 HTTP/1.1" 404 23 2 Java/1.8.0_321
127.0.0.1 - - [12/Mar/2023:00:35:21 +0800] "GET /nacos/v1/cs/configs?dataId=gulimall-coupon.properties&group=dev&tenant=7137c009-2bd9-471a-8041-e936a948eb01 HTTP/1.1" 404 23 1 Java/1.8.0_321
127.0.0.1 - - [12/Mar/2023:00:35:24 +0800] "POST /nacos/v1/ns/instance?app=unknown&metadata=%7B%22preserved.register.source%22%3A%22SPRING_CLOUD%22%7D&ip=192.168.78.10&weight=1.0&ephemeral=true&serviceName=DEFAULT_GROUP%40%40gulimall-coupon&encoding=UTF-8&groupName=DEFAULT_GROUP&namespaceId=public&port=7000&enable=true&healthy=true&clusterName=DEFAULT HTTP/1.1" 200 2 2 Nacos-Java-Client:v1.2.1
127.0.0.1 - - [12/Mar/2023:00:35:25 +0800] "POST /nacos/v1/cs/configs/listener HTTP/1.1" 200 - 1 Java/1.8.0_321
192.168.78.10 - - [12/Mar/2023:00:35:25 +0800] "GET /nacos/v1/cs/health HTTP/1.1" 200 2 1 Apache-HttpAsyncClient/4.1.3 (Java/1.8.0_321)
127.0.0.1 - - [12/Mar/2023:00:35:29 +0800] "PUT /nacos/v1/ns/instance/beat?app=unknown&namespaceId=public&port=7000&clusterName=DEFAULT&ip=192.168.78.10&serviceName=DEFAULT_GROUP%40%40gulimall-coupon&encoding=UTF-8 HTTP/1.1" 200 75 4 Nacos-Java-Client:v1.2.1
192.168.78.10 - - [12/Mar/2023:00:35:30 +0800] "GET /nacos/v1/cs/health HTTP/1.1" 200 2 3 Apache-HttpAsyncClient/4.1.3 (Java/1.8.0_321)
127.0.0.1 - - [12/Mar/2023:00:35:34 +0800] "PUT /nacos/v1/ns/instance/beat?app=unknown&namespaceId=public&port=7000&clusterName=DEFAULT&ip=192.168.78.10&serviceName=DEFAULT_GROUP%40%40gulimall-coupon&encoding=UTF-8 HTTP/1.1" 200 75 3 Nacos-Java-Client:v1.2.1
192.168.78.10 - - [12/Mar/2023:00:35:35 +0800] "GET /nacos/v1/cs/health HTTP/1.1" 200 2 1 Apache-HttpAsyncClient/4.1.3 (Java/1.8.0_321)
127.0.0.1 - - [12/Mar/2023:00:35:39 +0800] "PUT /nacos/v1/ns/instance/beat?app=unknown&namespaceId=public&port=7000&clusterName=DEFAULT&ip=192.168.78.10&serviceName=DEFAULT_GROUP%40%40gulimall-coupon&encoding=UTF-8 HTTP/1.1" 200 75 1 Nacos-Java-Client:v1.2.1
192.168.78.10 - - [12/Mar/2023:00:35:40 +0800] "GET /nacos/v1/cs/health HTTP/1.1" 200 2 15 Apache-HttpAsyncClient/4.1.3 (Java/1.8.0_321)
127.0.0.1 - - [12/Mar/2023:00:35:44 +0800] "POST /nacos/v1/cs/configs/listener HTTP/1.1" 500 - 29507 Java/1.8.0_321
127.0.0.1 - - [12/Mar/2023:00:35:44 +0800] "PUT /nacos/v1/ns/instance/beat?app=unknown&namespaceId=public&port=7000&clusterName=DEFAULT&ip=192.168.78.10&serviceName=DEFAULT_GROUP%40%40gulimall-coupon&encoding=UTF-8 HTTP/1.1" 200 75 3 Nacos-Java-Client:v1.2.1
192.168.78.10 - - [12/Mar/2023:00:35:45 +0800] "GET /nacos/v1/cs/health HTTP/1.1" 200 2 4 Apache-HttpAsyncClient/4.1.3 (Java/1.8.0_321)
127.0.0.1 - - [12/Mar/2023:00:35:49 +0800] "PUT /nacos/v1/ns/instance/beat?app=unknown&namespaceId=public&port=7000&clusterName=DEFAULT&ip=192.168.78.10&serviceName=DEFAULT_GROUP%40%40gulimall-coupon&encoding=UTF-8 HTTP/1.1" 200 75 4 Nacos-Java-Client:v1.2.1
192.168.78.10 - - [12/Mar/2023:00:35:50 +0800] "GET /nacos/v1/cs/health HTTP/1.1" 200 2 2 Apache-HttpAsyncClient/4.1.3 (Java/1.8.0_321)
127.0.0.1 - - [12/Mar/2023:00:35:54 +0800] "PUT /nacos/v1/ns/instance/beat?app=unknown&namespaceId=public&port=7000&clusterName=DEFAULT&ip=192.168.78.10&serviceName=DEFAULT_GROUP%40%40gulimall-coupon&encoding=UTF-8 HTTP/1.1" 200 75 2 Nacos-Java-Client:v1.2.1
127.0.0.1 - - [12/Mar/2023:00:35:54 +0800] "POST /nacos/v1/cs/configs/listener HTTP/1.1" 200 - 29509 Java/1.8.0_321
192.168.78.10 - - [12/Mar/2023:00:35:55 +0800] "GET /nacos/v1/cs/health HTTP/1.1" 200 2 1 Apache-HttpAsyncClient/4.1.3 (Java/1.8.0_321)
127.0.0.1 - - [12/Mar/2023:00:35:59 +0800] "PUT /nacos/v1/ns/instance/beat?app=unknown&namespaceId=public&port=7000&clusterName=DEFAULT&ip=192.168.78.10&serviceName=DEFAULT_GROUP%40%40gulimall-coupon&encoding=UTF-8 HTTP/1.1" 200 75 3 Nacos-Java-Client:v1.2.1
192.168.78.10 - - [12/Mar/2023:00:36:00 +0800] "GET /nacos/v1/cs/health HTTP/1.1" 200 2 3 Apache-HttpAsyncClient/4.1.3 (Java/1.8.0_321)
127.0.0.1 - - [12/Mar/2023:00:36:04 +0800] "PUT /nacos/v1/ns/instance/beat?app=unknown&namespaceId=public&port=7000&clusterName=DEFAULT&ip=192.168.78.10&serviceName=DEFAULT_GROUP%40%40gulimall-coupon&encoding=UTF-8 HTTP/1.1" 200 75 2 Nacos-Java-Client:v1.2.1
192.168.78.10 - - [12/Mar/2023:00:36:05 +0800] "GET /nacos/v1/cs/health HTTP/1.1" 200 2 2 Apache-HttpAsyncClient/4.1.3 (Java/1.8.0_321)
127.0.0.1 - - [12/Mar/2023:00:36:09 +0800] "PUT /nacos/v1/ns/instance/beat?app=unknown&namespaceId=public&port=7000&clusterName=DEFAULT&ip=192.168.78.10&serviceName=DEFAULT_GROUP%40%40gulimall-coupon&encoding=UTF-8 HTTP/1.1" 200 75 3 Nacos-Java-Client:v1.2.1
192.168.78.10 - - [12/Mar/2023:00:36:10 +0800] "GET /nacos/v1/cs/health HTTP/1.1" 200 2 2 Apache-HttpAsyncClient/4.1.3 (Java/1.8.0_321)
127.0.0.1 - - [12/Mar/2023:00:36:14 +0800] "PUT /nacos/v1/ns/instance/beat?app=unknown&namespaceId=public&port=7000&clusterName=DEFAULT&ip=192.168.78.10&serviceName=DEFAULT_GROUP%40%40gulimall-coupon&encoding=UTF-8 HTTP/1.1" 200 75 3 Nacos-Java-Client:v1.2.1
192.168.78.10 - - [12/Mar/2023:00:36:15 +0800] "GET /nacos/v1/cs/health HTTP/1.1" 200 2 2 Apache-HttpAsyncClient/4.1.3 (Java/1.8.0_321)
127.0.0.1 - - [12/Mar/2023:00:36:18 +0800] "GET /nacos/v1/ns/catalog/services?hasIpCount=true&withInstances=false&pageNo=1&pageSize=10&serviceNameParam=&groupNameParam=&accessToken=eyJhbGciOiJIUzI1NiJ9.eyJzdWIiOiJuYWNvcyIsImV4cCI6MTY3ODU1MDM1NX0.Jp5lIfp23QE75i5C4IP4tlZDtEOOasf-bsRQuUsTDhI&namespaceId=5bd9d83b-eada-4800-aed9-0325195a525c HTTP/1.1" 200 39 4 Mozilla/5.0 (Windows NT 10.0; Win64; x64) AppleWebKit/537.36 (KHTML, like Gecko) Chrome/110.0.0.0 Safari/537.36 Edg/110.0.1587.69
127.0.0.1 - - [12/Mar/2023:00:36:19 +0800] "PUT /nacos/v1/ns/instance/beat?app=unknown&namespaceId=public&port=7000&clusterName=DEFAULT&ip=192.168.78.10&serviceName=DEFAULT_GROUP%40%40gulimall-coupon&encoding=UTF-8 HTTP/1.1" 200 75 2 Nacos-Java-Client:v1.2.1
192.168.78.10 - - [12/Mar/2023:00:36:20 +0800] "GET /nacos/v1/cs/health HTTP/1.1" 200 2 1 Apache-HttpAsyncClient/4.1.3 (Java/1.8.0_321)
127.0.0.1 - - [12/Mar/2023:00:36:24 +0800] "POST /nacos/v1/cs/configs/listener HTTP/1.1" 200 - 29514 Java/1.8.0_321
127.0.0.1 - - [12/Mar/2023:00:36:24 +0800] "PUT /nacos/v1/ns/instance/beat?app=unknown&namespaceId=public&port=7000&clusterName=DEFAULT&ip=192.168.78.10&serviceName=DEFAULT_GROUP%40%40gulimall-coupon&encoding=UTF-8 HTTP/1.1" 200 75 3 Nacos-Java-Client:v1.2.1
192.168.78.10 - - [12/Mar/2023:00:36:25 +0800] "GET /nacos/v1/cs/health HTTP/1.1" 200 2 2 Apache-HttpAsyncClient/4.1.3 (Java/1.8.0_321)
127.0.0.1 - - [12/Mar/2023:00:36:29 +0800] "PUT /nacos/v1/ns/instance/beat?app=unknown&namespaceId=public&port=7000&clusterName=DEFAULT&ip=192.168.78.10&serviceName=DEFAULT_GROUP%40%40gulimall-coupon&encoding=UTF-8 HTTP/1.1" 200 75 2 Nacos-Java-Client:v1.2.1
192.168.78.10 - - [12/Mar/2023:00:36:30 +0800] "GET /nacos/v1/cs/health HTTP/1.1" 200 2 2 Apache-HttpAsyncClient/4.1.3 (Java/1.8.0_321)
127.0.0.1 - - [12/Mar/2023:00:36:34 +0800] "PUT /nacos/v1/ns/instance/beat?app=unknown&namespaceId=public&port=7000&clusterName=DEFAULT&ip=192.168.78.10&serviceName=DEFAULT_GROUP%40%40gulimall-coupon&encoding=UTF-8 HTTP/1.1" 200 75 2 Nacos-Java-Client:v1.2.1
127.0.0.1 - - [12/Mar/2023:00:36:34 +0800] "GET /nacos/v1/ns/catalog/services?hasIpCount=true&withInstances=false&pageNo=1&pageSize=10&serviceNameParam=&groupNameParam=&accessToken=eyJhbGciOiJIUzI1NiJ9.eyJzdWIiOiJuYWNvcyIsImV4cCI6MTY3ODU1MDM1NX0.Jp5lIfp23QE75i5C4IP4tlZDtEOOasf-bsRQuUsTDhI&namespaceId=7137c009-2bd9-471a-8041-e936a948eb01 HTTP/1.1" 200 39 3 Mozilla/5.0 (Windows NT 10.0; Win64; x64) AppleWebKit/537.36 (KHTML, like Gecko) Chrome/110.0.0.0 Safari/537.36 Edg/110.0.1587.69
192.168.78.10 - - [12/Mar/2023:00:36:35 +0800] "GET /nacos/v1/cs/health HTTP/1.1" 200 2 1 Apache-HttpAsyncClient/4.1.3 (Java/1.8.0_321)
127.0.0.1 - - [12/Mar/2023:00:36:36 +0800] "GET /nacos/v1/ns/catalog/services?hasIpCount=true&withInstances=false&pageNo=1&pageSize=10&serviceNameParam=&groupNameParam=&accessToken=eyJhbGciOiJIUzI1NiJ9.eyJzdWIiOiJuYWNvcyIsImV4cCI6MTY3ODU1MDM1NX0.Jp5lIfp23QE75i5C4IP4tlZDtEOOasf-bsRQuUsTDhI&namespaceId=0635e0c2-9771-4f9d-9f23-9b31a79f1349 HTTP/1.1" 200 39 1 Mozilla/5.0 (Windows NT 10.0; Win64; x64) AppleWebKit/537.36 (KHTML, like Gecko) Chrome/110.0.0.0 Safari/537.36 Edg/110.0.1587.69
127.0.0.1 - - [12/Mar/2023:00:36:37 +0800] "GET /nacos/v1/ns/catalog/services?hasIpCount=true&withInstances=false&pageNo=1&pageSize=10&serviceNameParam=&groupNameParam=&accessToken=eyJhbGciOiJIUzI1NiJ9.eyJzdWIiOiJuYWNvcyIsImV4cCI6MTY3ODU1MDM1NX0.Jp5lIfp23QE75i5C4IP4tlZDtEOOasf-bsRQuUsTDhI&namespaceId= HTTP/1.1" 200 169 2 Mozilla/5.0 (Windows NT 10.0; Win64; x64) AppleWebKit/537.36 (KHTML, like Gecko) Chrome/110.0.0.0 Safari/537.36 Edg/110.0.1587.69
127.0.0.1 - - [12/Mar/2023:00:36:39 +0800] "PUT /nacos/v1/ns/instance/beat?app=unknown&namespaceId=public&port=7000&clusterName=DEFAULT&ip=192.168.78.10&serviceName=DEFAULT_GROUP%40%40gulimall-coupon&encoding=UTF-8 HTTP/1.1" 200 75 1 Nacos-Java-Client:v1.2.1
192.168.78.10 - - [12/Mar/2023:00:36:40 +0800] "GET /nacos/v1/cs/health HTTP/1.1" 200 2 1 Apache-HttpAsyncClient/4.1.3 (Java/1.8.0_321)
127.0.0.1 - - [12/Mar/2023:00:36:44 +0800] "PUT /nacos/v1/ns/instance/beat?app=unknown&namespaceId=public&port=7000&clusterName=DEFAULT&ip=192.168.78.10&serviceName=DEFAULT_GROUP%40%40gulimall-coupon&encoding=UTF-8 HTTP/1.1" 200 75 2 Nacos-Java-Client:v1.2.1
192.168.78.10 - - [12/Mar/2023:00:36:45 +0800] "GET /nacos/v1/cs/health HTTP/1.1" 200 2 4 Apache-HttpAsyncClient/4.1.3 (Java/1.8.0_321)
127.0.0.1 - - [12/Mar/2023:00:36:49 +0800] "PUT /nacos/v1/ns/instance/beat?app=unknown&namespaceId=public&port=7000&clusterName=DEFAULT&ip=192.168.78.10&serviceName=DEFAULT_GROUP%40%40gulimall-coupon&encoding=UTF-8 HTTP/1.1" 200 75 2 Nacos-Java-Client:v1.2.1
192.168.78.10 - - [12/Mar/2023:00:36:50 +0800] "GET /nacos/v1/cs/health HTTP/1.1" 200 2 2 Apache-HttpAsyncClient/4.1.3 (Java/1.8.0_321)
127.0.0.1 - - [12/Mar/2023:00:36:53 +0800] "POST /nacos/v1/cs/configs/listener HTTP/1.1" 200 - 29513 Java/1.8.0_321
127.0.0.1 - - [12/Mar/2023:00:36:54 +0800] "PUT /nacos/v1/ns/instance/beat?app=unknown&namespaceId=public&port=7000&clusterName=DEFAULT&ip=192.168.78.10&serviceName=DEFAULT_GROUP%40%40gulimall-coupon&encoding=UTF-8 HTTP/1.1" 200 75 1 Nacos-Java-Client:v1.2.1
192.168.78.10 - - [12/Mar/2023:00:36:55 +0800] "GET /nacos/v1/cs/health HTTP/1.1" 200 2 1 Apache-HttpAsyncClient/4.1.3 (Java/1.8.0_321)
127.0.0.1 - - [12/Mar/2023:00:36:59 +0800] "PUT /nacos/v1/ns/instance/beat?app=unknown&namespaceId=public&port=7000&clusterName=DEFAULT&ip=192.168.78.10&serviceName=DEFAULT_GROUP%40%40gulimall-coupon&encoding=UTF-8 HTTP/1.1" 200 75 3 Nacos-Java-Client:v1.2.1
192.168.78.10 - - [12/Mar/2023:00:37:00 +0800] "GET /nacos/v1/cs/health HTTP/1.1" 200 2 0 Apache-HttpAsyncClient/4.1.3 (Java/1.8.0_321)
127.0.0.1 - - [12/Mar/2023:00:37:04 +0800] "PUT /nacos/v1/ns/instance/beat?app=unknown&namespaceId=public&port=7000&clusterName=DEFAULT&ip=192.168.78.10&serviceName=DEFAULT_GROUP%40%40gulimall-coupon&encoding=UTF-8 HTTP/1.1" 200 75 3 Nacos-Java-Client:v1.2.1
192.168.78.10 - - [12/Mar/2023:00:37:05 +0800] "GET /nacos/v1/cs/health HTTP/1.1" 200 2 3 Apache-HttpAsyncClient/4.1.3 (Java/1.8.0_321)
127.0.0.1 - - [12/Mar/2023:00:37:09 +0800] "PUT /nacos/v1/ns/instance/beat?app=unknown&namespaceId=public&port=7000&clusterName=DEFAULT&ip=192.168.78.10&serviceName=DEFAULT_GROUP%40%40gulimall-coupon&encoding=UTF-8 HTTP/1.1" 200 75 6 Nacos-Java-Client:v1.2.1
192.168.78.10 - - [12/Mar/2023:00:37:10 +0800] "GET /nacos/v1/cs/health HTTP/1.1" 200 2 3 Apache-HttpAsyncClient/4.1.3 (Java/1.8.0_321)
127.0.0.1 - - [12/Mar/2023:00:37:14 +0800] "PUT /nacos/v1/ns/instance/beat?app=unknown&namespaceId=public&port=7000&clusterName=DEFAULT&ip=192.168.78.10&serviceName=DEFAULT_GROUP%40%40gulimall-coupon&encoding=UTF-8 HTTP/1.1" 200 75 3 Nacos-Java-Client:v1.2.1
192.168.78.10 - - [12/Mar/2023:00:37:15 +0800] "GET /nacos/v1/cs/health HTTP/1.1" 200 2 2 Apache-HttpAsyncClient/4.1.3 (Java/1.8.0_321)
127.0.0.1 - - [12/Mar/2023:00:37:19 +0800] "PUT /nacos/v1/ns/instance/beat?app=unknown&namespaceId=public&port=7000&clusterName=DEFAULT&ip=192.168.78.10&serviceName=DEFAULT_GROUP%40%40gulimall-coupon&encoding=UTF-8 HTTP/1.1" 200 75 3 Nacos-Java-Client:v1.2.1
192.168.78.10 - - [12/Mar/2023:00:37:21 +0800] "GET /nacos/v1/cs/health HTTP/1.1" 200 2 2 Apache-HttpAsyncClient/4.1.3 (Java/1.8.0_321)
127.0.0.1 - - [12/Mar/2023:00:37:23 +0800] "POST /nacos/v1/cs/configs/listener HTTP/1.1" 200 - 29505 Java/1.8.0_321
127.0.0.1 - - [12/Mar/2023:00:37:25 +0800] "PUT /nacos/v1/ns/instance/beat?app=unknown&namespaceId=public&port=7000&clusterName=DEFAULT&ip=192.168.78.10&serviceName=DEFAULT_GROUP%40%40gulimall-coupon&encoding=UTF-8 HTTP/1.1" 200 75 2 Nacos-Java-Client:v1.2.1
192.168.78.10 - - [12/Mar/2023:00:37:26 +0800] "GET /nacos/v1/cs/health HTTP/1.1" 200 2 2 Apache-HttpAsyncClient/4.1.3 (Java/1.8.0_321)
127.0.0.1 - - [12/Mar/2023:00:37:30 +0800] "PUT /nacos/v1/ns/instance/beat?app=unknown&namespaceId=public&port=7000&clusterName=DEFAULT&ip=192.168.78.10&serviceName=DEFAULT_GROUP%40%40gulimall-coupon&encoding=UTF-8 HTTP/1.1" 200 75 4 Nacos-Java-Client:v1.2.1
192.168.78.10 - - [12/Mar/2023:00:37:31 +0800] "GET /nacos/v1/cs/health HTTP/1.1" 200 2 2 Apache-HttpAsyncClient/4.1.3 (Java/1.8.0_321)
127.0.0.1 - - [12/Mar/2023:00:37:35 +0800] "PUT /nacos/v1/ns/instance/beat?app=unknown&namespaceId=public&port=7000&clusterName=DEFAULT&ip=192.168.78.10&serviceName=DEFAULT_GROUP%40%40gulimall-coupon&encoding=UTF-8 HTTP/1.1" 200 75 2 Nacos-Java-Client:v1.2.1
192.168.78.10 - - [12/Mar/2023:00:37:36 +0800] "GET /nacos/v1/cs/health HTTP/1.1" 200 2 2 Apache-HttpAsyncClient/4.1.3 (Java/1.8.0_321)
127.0.0.1 - - [12/Mar/2023:00:37:40 +0800] "PUT /nacos/v1/ns/instance/beat?app=unknown&namespaceId=public&port=7000&clusterName=DEFAULT&ip=192.168.78.10&serviceName=DEFAULT_GROUP%40%40gulimall-coupon&encoding=UTF-8 HTTP/1.1" 200 75 2 Nacos-Java-Client:v1.2.1
192.168.78.10 - - [12/Mar/2023:00:37:41 +0800] "GET /nacos/v1/cs/health HTTP/1.1" 200 2 2 Apache-HttpAsyncClient/4.1.3 (Java/1.8.0_321)
127.0.0.1 - - [12/Mar/2023:00:37:41 +0800] "DELETE /nacos/v1/ns/instance?app=unknown&namespaceId=public&port=7000&clusterName=DEFAULT&ip=192.168.78.10&ephemeral=true&serviceName=DEFAULT_GROUP%40%40gulimall-coupon&encoding=UTF-8 HTTP/1.1" 200 2 2 Nacos-Java-Client:v1.2.1
127.0.0.1 - - [12/Mar/2023:00:37:45 +0800] "GET /nacos/v1/cs/configs?dataId=gulimall-coupon&group=dev HTTP/1.1" 404 23 4 Java/1.8.0_321
127.0.0.1 - - [12/Mar/2023:00:37:45 +0800] "GET /nacos/v1/cs/configs?dataId=gulimall-coupon.properties&group=dev HTTP/1.1" 404 23 1 Java/1.8.0_321
192.168.78.10 - - [12/Mar/2023:00:37:46 +0800] "GET /nacos/v1/cs/health HTTP/1.1" 200 2 3 Apache-HttpAsyncClient/4.1.3 (Java/1.8.0_321)
127.0.0.1 - - [12/Mar/2023:00:37:48 +0800] "POST /nacos/v1/ns/instance?app=unknown&metadata=%7B%22preserved.register.source%22%3A%22SPRING_CLOUD%22%7D&ip=192.168.78.10&weight=1.0&ephemeral=true&serviceName=DEFAULT_GROUP%40%40gulimall-coupon&encoding=UTF-8&groupName=DEFAULT_GROUP&namespaceId=public&port=7000&enable=true&healthy=true&clusterName=DEFAULT HTTP/1.1" 200 2 2 Nacos-Java-Client:v1.2.1
127.0.0.1 - - [12/Mar/2023:00:37:49 +0800] "POST /nacos/v1/cs/configs/listener HTTP/1.1" 200 - 1 Java/1.8.0_321
192.168.78.10 - - [12/Mar/2023:00:37:51 +0800] "GET /nacos/v1/cs/health HTTP/1.1" 200 2 3 Apache-HttpAsyncClient/4.1.3 (Java/1.8.0_321)
127.0.0.1 - - [12/Mar/2023:00:37:52 +0800] "POST /nacos/v1/cs/configs/listener HTTP/1.1" 500 - 29522 Java/1.8.0_321
127.0.0.1 - - [12/Mar/2023:00:37:53 +0800] "PUT /nacos/v1/ns/instance/beat?app=unknown&namespaceId=public&port=7000&clusterName=DEFAULT&ip=192.168.78.10&serviceName=DEFAULT_GROUP%40%40gulimall-coupon&encoding=UTF-8 HTTP/1.1" 200 75 2 Nacos-Java-Client:v1.2.1
192.168.78.10 - - [12/Mar/2023:00:37:56 +0800] "GET /nacos/v1/cs/health HTTP/1.1" 200 2 2 Apache-HttpAsyncClient/4.1.3 (Java/1.8.0_321)
127.0.0.1 - - [12/Mar/2023:00:37:58 +0800] "PUT /nacos/v1/ns/instance/beat?app=unknown&namespaceId=public&port=7000&clusterName=DEFAULT&ip=192.168.78.10&serviceName=DEFAULT_GROUP%40%40gulimall-coupon&encoding=UTF-8 HTTP/1.1" 200 75 2 Nacos-Java-Client:v1.2.1
192.168.78.10 - - [12/Mar/2023:00:38:01 +0800] "GET /nacos/v1/cs/health HTTP/1.1" 200 2 5 Apache-HttpAsyncClient/4.1.3 (Java/1.8.0_321)
127.0.0.1 - - [12/Mar/2023:00:38:03 +0800] "PUT /nacos/v1/ns/instance/beat?app=unknown&namespaceId=public&port=7000&clusterName=DEFAULT&ip=192.168.78.10&serviceName=DEFAULT_GROUP%40%40gulimall-coupon&encoding=UTF-8 HTTP/1.1" 200 75 3 Nacos-Java-Client:v1.2.1
192.168.78.10 - - [12/Mar/2023:00:38:06 +0800] "GET /nacos/v1/cs/health HTTP/1.1" 200 2 3 Apache-HttpAsyncClient/4.1.3 (Java/1.8.0_321)
127.0.0.1 - - [12/Mar/2023:00:38:08 +0800] "PUT /nacos/v1/ns/instance/beat?app=unknown&namespaceId=public&port=7000&clusterName=DEFAULT&ip=192.168.78.10&serviceName=DEFAULT_GROUP%40%40gulimall-coupon&encoding=UTF-8 HTTP/1.1" 200 75 2 Nacos-Java-Client:v1.2.1
192.168.78.10 - - [12/Mar/2023:00:38:11 +0800] "GET /nacos/v1/cs/health HTTP/1.1" 200 2 4 Apache-HttpAsyncClient/4.1.3 (Java/1.8.0_321)
127.0.0.1 - - [12/Mar/2023:00:38:13 +0800] "GET /nacos/v1/cs/configs?dataId=&group=&appName=&config_tags=&pageNo=1&pageSize=10&tenant=5bd9d83b-eada-4800-aed9-0325195a525c&search=accurate&accessToken=eyJhbGciOiJIUzI1NiJ9.eyJzdWIiOiJuYWNvcyIsImV4cCI6MTY3ODU1MDM1NX0.Jp5lIfp23QE75i5C4IP4tlZDtEOOasf-bsRQuUsTDhI HTTP/1.1" 200 1247 10 Mozilla/5.0 (Windows NT 10.0; Win64; x64) AppleWebKit/537.36 (KHTML, like Gecko) Chrome/110.0.0.0 Safari/537.36 Edg/110.0.1587.69
127.0.0.1 - - [12/Mar/2023:00:38:14 +0800] "PUT /nacos/v1/ns/instance/beat?app=unknown&namespaceId=public&port=7000&clusterName=DEFAULT&ip=192.168.78.10&serviceName=DEFAULT_GROUP%40%40gulimall-coupon&encoding=UTF-8 HTTP/1.1" 200 75 1 Nacos-Java-Client:v1.2.1
192.168.78.10 - - [12/Mar/2023:00:38:16 +0800] "GET /nacos/v1/cs/health HTTP/1.1" 200 2 2 Apache-HttpAsyncClient/4.1.3 (Java/1.8.0_321)
127.0.0.1 - - [12/Mar/2023:00:38:19 +0800] "PUT /nacos/v1/ns/instance/beat?app=unknown&namespaceId=public&port=7000&clusterName=DEFAULT&ip=192.168.78.10&serviceName=DEFAULT_GROUP%40%40gulimall-coupon&encoding=UTF-8 HTTP/1.1" 200 75 1 Nacos-Java-Client:v1.2.1
127.0.0.1 - - [12/Mar/2023:00:38:19 +0800] "POST /nacos/v1/cs/configs/listener HTTP/1.1" 200 - 29506 Java/1.8.0_321
192.168.78.10 - - [12/Mar/2023:00:38:21 +0800] "GET /nacos/v1/cs/health HTTP/1.1" 200 2 2 Apache-HttpAsyncClient/4.1.3 (Java/1.8.0_321)
127.0.0.1 - - [12/Mar/2023:00:38:24 +0800] "PUT /nacos/v1/ns/instance/beat?app=unknown&namespaceId=public&port=7000&clusterName=DEFAULT&ip=192.168.78.10&serviceName=DEFAULT_GROUP%40%40gulimall-coupon&encoding=UTF-8 HTTP/1.1" 200 75 1 Nacos-Java-Client:v1.2.1
192.168.78.10 - - [12/Mar/2023:00:38:26 +0800] "GET /nacos/v1/cs/health HTTP/1.1" 200 2 2 Apache-HttpAsyncClient/4.1.3 (Java/1.8.0_321)
127.0.0.1 - - [12/Mar/2023:00:38:29 +0800] "PUT /nacos/v1/ns/instance/beat?app=unknown&namespaceId=public&port=7000&clusterName=DEFAULT&ip=192.168.78.10&serviceName=DEFAULT_GROUP%40%40gulimall-coupon&encoding=UTF-8 HTTP/1.1" 200 75 2 Nacos-Java-Client:v1.2.1
127.0.0.1 - - [12/Mar/2023:00:38:29 +0800] "GET /nacos/v1/cs/configs?dataId=&group=&appName=&config_tags=&pageNo=1&pageSize=10&tenant=&search=accurate&accessToken=eyJhbGciOiJIUzI1NiJ9.eyJzdWIiOiJuYWNvcyIsImV4cCI6MTY3ODU1MDM1NX0.Jp5lIfp23QE75i5C4IP4tlZDtEOOasf-bsRQuUsTDhI HTTP/1.1" 200 265 9 Mozilla/5.0 (Windows NT 10.0; Win64; x64) AppleWebKit/537.36 (KHTML, like Gecko) Chrome/110.0.0.0 Safari/537.36 Edg/110.0.1587.69
192.168.78.10 - - [12/Mar/2023:00:38:31 +0800] "GET /nacos/v1/cs/health HTTP/1.1" 200 2 2 Apache-HttpAsyncClient/4.1.3 (Java/1.8.0_321)
127.0.0.1 - - [12/Mar/2023:00:38:34 +0800] "PUT /nacos/v1/ns/instance/beat?app=unknown&namespaceId=public&port=7000&clusterName=DEFAULT&ip=192.168.78.10&serviceName=DEFAULT_GROUP%40%40gulimall-coupon&encoding=UTF-8 HTTP/1.1" 200 75 3 Nacos-Java-Client:v1.2.1
127.0.0.1 - - [12/Mar/2023:00:38:35 +0800] "GET /nacos/v1/cs/configs?show=all&dataId=gulimall-coupon.properties&group=DEFAULT_GROUP&tenant=&accessToken=eyJhbGciOiJIUzI1NiJ9.eyJzdWIiOiJuYWNvcyIsImV4cCI6MTY3ODU1MDM1NX0.Jp5lIfp23QE75i5C4IP4tlZDtEOOasf-bsRQuUsTDhI&namespaceId= HTTP/1.1" 200 403 5 Mozilla/5.0 (Windows NT 10.0; Win64; x64) AppleWebKit/537.36 (KHTML, like Gecko) Chrome/110.0.0.0 Safari/537.36 Edg/110.0.1587.69
192.168.78.10 - - [12/Mar/2023:00:38:36 +0800] "GET /nacos/v1/cs/health HTTP/1.1" 200 2 2 Apache-HttpAsyncClient/4.1.3 (Java/1.8.0_321)
127.0.0.1 - - [12/Mar/2023:00:38:37 +0800] "GET /nacos/v1/cs/configs?dataId=&group=&appName=&config_tags=&pageNo=1&pageSize=10&tenant=&search=accurate&accessToken=eyJhbGciOiJIUzI1NiJ9.eyJzdWIiOiJuYWNvcyIsImV4cCI6MTY3ODU1MDM1NX0.Jp5lIfp23QE75i5C4IP4tlZDtEOOasf-bsRQuUsTDhI HTTP/1.1" 200 265 4 Mozilla/5.0 (Windows NT 10.0; Win64; x64) AppleWebKit/537.36 (KHTML, like Gecko) Chrome/110.0.0.0 Safari/537.36 Edg/110.0.1587.69
127.0.0.1 - - [12/Mar/2023:00:38:39 +0800] "PUT /nacos/v1/ns/instance/beat?app=unknown&namespaceId=public&port=7000&clusterName=DEFAULT&ip=192.168.78.10&serviceName=DEFAULT_GROUP%40%40gulimall-coupon&encoding=UTF-8 HTTP/1.1" 200 75 2 Nacos-Java-Client:v1.2.1
192.168.78.10 - - [12/Mar/2023:00:38:41 +0800] "GET /nacos/v1/cs/health HTTP/1.1" 200 2 1 Apache-HttpAsyncClient/4.1.3 (Java/1.8.0_321)
127.0.0.1 - - [12/Mar/2023:00:38:44 +0800] "PUT /nacos/v1/ns/instance/beat?app=unknown&namespaceId=public&port=7000&clusterName=DEFAULT&ip=192.168.78.10&serviceName=DEFAULT_GROUP%40%40gulimall-coupon&encoding=UTF-8 HTTP/1.1" 200 75 3 Nacos-Java-Client:v1.2.1
192.168.78.10 - - [12/Mar/2023:00:38:46 +0800] "GET /nacos/v1/cs/health HTTP/1.1" 200 2 1 Apache-HttpAsyncClient/4.1.3 (Java/1.8.0_321)
127.0.0.1 - - [12/Mar/2023:00:38:48 +0800] "POST /nacos/v1/cs/configs/listener HTTP/1.1" 200 - 29505 Java/1.8.0_321
127.0.0.1 - - [12/Mar/2023:00:38:49 +0800] "PUT /nacos/v1/ns/instance/beat?app=unknown&namespaceId=public&port=7000&clusterName=DEFAULT&ip=192.168.78.10&serviceName=DEFAULT_GROUP%40%40gulimall-coupon&encoding=UTF-8 HTTP/1.1" 200 75 1 Nacos-Java-Client:v1.2.1
192.168.78.10 - - [12/Mar/2023:00:38:51 +0800] "GET /nacos/v1/cs/health HTTP/1.1" 200 2 8 Apache-HttpAsyncClient/4.1.3 (Java/1.8.0_321)
127.0.0.1 - - [12/Mar/2023:00:38:52 +0800] "DELETE /nacos/v1/ns/instance?app=unknown&namespaceId=public&port=7000&clusterName=DEFAULT&ip=192.168.78.10&ephemeral=true&serviceName=DEFAULT_GROUP%40%40gulimall-coupon&encoding=UTF-8 HTTP/1.1" 200 2 3 Nacos-Java-Client:v1.2.1
192.168.78.10 - - [12/Mar/2023:00:38:56 +0800] "GET /nacos/v1/cs/health HTTP/1.1" 200 2 0 Apache-HttpAsyncClient/4.1.3 (Java/1.8.0_321)
127.0.0.1 - - [12/Mar/2023:00:38:56 +0800] "GET /nacos/v1/cs/configs?dataId=gulimall-coupon&group=dev HTTP/1.1" 404 23 2 Java/1.8.0_321
127.0.0.1 - - [12/Mar/2023:00:38:57 +0800] "GET /nacos/v1/cs/configs?dataId=gulimall-coupon.properties&group=dev HTTP/1.1" 404 23 2 Java/1.8.0_321
127.0.0.1 - - [12/Mar/2023:00:39:00 +0800] "POST /nacos/v1/ns/instance?app=unknown&metadata=%7B%22preserved.register.source%22%3A%22SPRING_CLOUD%22%7D&ip=192.168.78.10&weight=1.0&ephemeral=true&serviceName=DEFAULT_GROUP%40%40gulimall-coupon&encoding=UTF-8&groupName=DEFAULT_GROUP&namespaceId=public&port=7000&enable=true&healthy=true&clusterName=DEFAULT HTTP/1.1" 200 2 1 Nacos-Java-Client:v1.2.1
127.0.0.1 - - [12/Mar/2023:00:39:00 +0800] "DELETE /nacos/v1/ns/instance?app=unknown&namespaceId=public&port=7000&clusterName=DEFAULT&ip=192.168.78.10&ephemeral=true&serviceName=DEFAULT_GROUP%40%40gulimall-coupon&encoding=UTF-8 HTTP/1.1" 200 2 1 Nacos-Java-Client:v1.2.1
192.168.78.10 - - [12/Mar/2023:00:39:01 +0800] "GET /nacos/v1/cs/health HTTP/1.1" 200 2 2 Apache-HttpAsyncClient/4.1.3 (Java/1.8.0_321)
192.168.78.10 - - [12/Mar/2023:00:39:06 +0800] "GET /nacos/v1/cs/health HTTP/1.1" 200 2 3 Apache-HttpAsyncClient/4.1.3 (Java/1.8.0_321)
192.168.78.10 - - [12/Mar/2023:00:39:11 +0800] "GET /nacos/v1/cs/health HTTP/1.1" 200 2 1 Apache-HttpAsyncClient/4.1.3 (Java/1.8.0_321)
192.168.78.10 - - [12/Mar/2023:00:39:16 +0800] "GET /nacos/v1/cs/health HTTP/1.1" 200 2 4 Apache-HttpAsyncClient/4.1.3 (Java/1.8.0_321)
127.0.0.1 - - [12/Mar/2023:00:39:18 +0800] "POST /nacos/v1/cs/configs/listener HTTP/1.1" 500 - 29508 Java/1.8.0_321
192.168.78.10 - - [12/Mar/2023:00:39:21 +0800] "GET /nacos/v1/cs/health HTTP/1.1" 200 2 3 Apache-HttpAsyncClient/4.1.3 (Java/1.8.0_321)
192.168.78.10 - - [12/Mar/2023:00:39:26 +0800] "GET /nacos/v1/cs/health HTTP/1.1" 200 2 3 Apache-HttpAsyncClient/4.1.3 (Java/1.8.0_321)
192.168.78.10 - - [12/Mar/2023:00:39:31 +0800] "GET /nacos/v1/cs/health HTTP/1.1" 200 2 2 Apache-HttpAsyncClient/4.1.3 (Java/1.8.0_321)
192.168.78.10 - - [12/Mar/2023:00:39:36 +0800] "GET /nacos/v1/cs/health HTTP/1.1" 200 2 4 Apache-HttpAsyncClient/4.1.3 (Java/1.8.0_321)
192.168.78.10 - - [12/Mar/2023:00:39:41 +0800] "GET /nacos/v1/cs/health HTTP/1.1" 200 2 3 Apache-HttpAsyncClient/4.1.3 (Java/1.8.0_321)
192.168.78.10 - - [12/Mar/2023:00:39:46 +0800] "GET /nacos/v1/cs/health HTTP/1.1" 200 2 4 Apache-HttpAsyncClient/4.1.3 (Java/1.8.0_321)
192.168.78.10 - - [12/Mar/2023:00:39:51 +0800] "GET /nacos/v1/cs/health HTTP/1.1" 200 2 3 Apache-HttpAsyncClient/4.1.3 (Java/1.8.0_321)
192.168.78.10 - - [12/Mar/2023:00:39:56 +0800] "GET /nacos/v1/cs/health HTTP/1.1" 200 2 2 Apache-HttpAsyncClient/4.1.3 (Java/1.8.0_321)
192.168.78.10 - - [12/Mar/2023:00:40:01 +0800] "GET /nacos/v1/cs/health HTTP/1.1" 200 2 2 Apache-HttpAsyncClient/4.1.3 (Java/1.8.0_321)
192.168.78.10 - - [12/Mar/2023:00:40:06 +0800] "GET /nacos/v1/cs/health HTTP/1.1" 200 2 2 Apache-HttpAsyncClient/4.1.3 (Java/1.8.0_321)
192.168.78.10 - - [12/Mar/2023:00:40:11 +0800] "GET /nacos/v1/cs/health HTTP/1.1" 200 2 2 Apache-HttpAsyncClient/4.1.3 (Java/1.8.0_321)
192.168.78.10 - - [12/Mar/2023:00:40:16 +0800] "GET /nacos/v1/cs/health HTTP/1.1" 200 2 5 Apache-HttpAsyncClient/4.1.3 (Java/1.8.0_321)
192.168.78.10 - - [12/Mar/2023:00:40:21 +0800] "GET /nacos/v1/cs/health HTTP/1.1" 200 2 3 Apache-HttpAsyncClient/4.1.3 (Java/1.8.0_321)
192.168.78.10 - - [12/Mar/2023:00:40:26 +0800] "GET /nacos/v1/cs/health HTTP/1.1" 200 2 1 Apache-HttpAsyncClient/4.1.3 (Java/1.8.0_321)
192.168.78.10 - - [12/Mar/2023:00:40:31 +0800] "GET /nacos/v1/cs/health HTTP/1.1" 200 2 3 Apache-HttpAsyncClient/4.1.3 (Java/1.8.0_321)
127.0.0.1 - - [12/Mar/2023:00:40:33 +0800] "GET /nacos/v1/cs/configs?dataId=gulimall-coupon&group=dev HTTP/1.1" 404 23 2 Java/1.8.0_321
127.0.0.1 - - [12/Mar/2023:00:40:33 +0800] "GET /nacos/v1/cs/configs?dataId=gulimall-coupon.properties&group=dev HTTP/1.1" 404 23 2 Java/1.8.0_321
192.168.78.10 - - [12/Mar/2023:00:40:36 +0800] "GET /nacos/v1/cs/health HTTP/1.1" 200 2 15 Apache-HttpAsyncClient/4.1.3 (Java/1.8.0_321)
127.0.0.1 - - [12/Mar/2023:00:40:37 +0800] "POST /nacos/v1/ns/instance?app=unknown&metadata=%7B%22preserved.register.source%22%3A%22SPRING_CLOUD%22%7D&ip=192.168.78.10&weight=1.0&ephemeral=true&serviceName=DEFAULT_GROUP%40%40gulimall-coupon&encoding=UTF-8&groupName=DEFAULT_GROUP&namespaceId=public&port=7000&enable=true&healthy=true&clusterName=DEFAULT HTTP/1.1" 200 2 4 Nacos-Java-Client:v1.2.1
127.0.0.1 - - [12/Mar/2023:00:40:37 +0800] "POST /nacos/v1/cs/configs/listener HTTP/1.1" 200 - 1 Java/1.8.0_321
192.168.78.10 - - [12/Mar/2023:00:40:41 +0800] "GET /nacos/v1/cs/health HTTP/1.1" 200 2 3 Apache-HttpAsyncClient/4.1.3 (Java/1.8.0_321)
127.0.0.1 - - [12/Mar/2023:00:40:42 +0800] "PUT /nacos/v1/ns/instance/beat?app=unknown&namespaceId=public&port=7000&clusterName=DEFAULT&ip=192.168.78.10&serviceName=DEFAULT_GROUP%40%40gulimall-coupon&encoding=UTF-8 HTTP/1.1" 200 75 14 Nacos-Java-Client:v1.2.1
192.168.78.10 - - [12/Mar/2023:00:40:46 +0800] "GET /nacos/v1/cs/health HTTP/1.1" 200 2 6 Apache-HttpAsyncClient/4.1.3 (Java/1.8.0_321)
127.0.0.1 - - [12/Mar/2023:00:40:47 +0800] "PUT /nacos/v1/ns/instance/beat?app=unknown&namespaceId=public&port=7000&clusterName=DEFAULT&ip=192.168.78.10&serviceName=DEFAULT_GROUP%40%40gulimall-coupon&encoding=UTF-8 HTTP/1.1" 200 75 1 Nacos-Java-Client:v1.2.1
192.168.78.10 - - [12/Mar/2023:00:40:51 +0800] "GET /nacos/v1/cs/health HTTP/1.1" 200 2 3 Apache-HttpAsyncClient/4.1.3 (Java/1.8.0_321)
127.0.0.1 - - [12/Mar/2023:00:40:52 +0800] "PUT /nacos/v1/ns/instance/beat?app=unknown&namespaceId=public&port=7000&clusterName=DEFAULT&ip=192.168.78.10&serviceName=DEFAULT_GROUP%40%40gulimall-coupon&encoding=UTF-8 HTTP/1.1" 200 75 1 Nacos-Java-Client:v1.2.1
192.168.78.10 - - [12/Mar/2023:00:40:56 +0800] "GET /nacos/v1/cs/health HTTP/1.1" 200 2 3 Apache-HttpAsyncClient/4.1.3 (Java/1.8.0_321)
127.0.0.1 - - [12/Mar/2023:00:40:57 +0800] "PUT /nacos/v1/ns/instance/beat?app=unknown&namespaceId=public&port=7000&clusterName=DEFAULT&ip=192.168.78.10&serviceName=DEFAULT_GROUP%40%40gulimall-coupon&encoding=UTF-8 HTTP/1.1" 200 75 2 Nacos-Java-Client:v1.2.1
192.168.78.10 - - [12/Mar/2023:00:41:01 +0800] "GET /nacos/v1/cs/health HTTP/1.1" 200 2 3 Apache-HttpAsyncClient/4.1.3 (Java/1.8.0_321)
127.0.0.1 - - [12/Mar/2023:00:41:02 +0800] "PUT /nacos/v1/ns/instance/beat?app=unknown&namespaceId=public&port=7000&clusterName=DEFAULT&ip=192.168.78.10&serviceName=DEFAULT_GROUP%40%40gulimall-coupon&encoding=UTF-8 HTTP/1.1" 200 75 2 Nacos-Java-Client:v1.2.1
192.168.78.10 - - [12/Mar/2023:00:41:06 +0800] "GET /nacos/v1/cs/health HTTP/1.1" 200 2 1 Apache-HttpAsyncClient/4.1.3 (Java/1.8.0_321)
127.0.0.1 - - [12/Mar/2023:00:41:07 +0800] "PUT /nacos/v1/ns/instance/beat?app=unknown&namespaceId=public&port=7000&clusterName=DEFAULT&ip=192.168.78.10&serviceName=DEFAULT_GROUP%40%40gulimall-coupon&encoding=UTF-8 HTTP/1.1" 200 75 9 Nacos-Java-Client:v1.2.1
127.0.0.1 - - [12/Mar/2023:00:41:07 +0800] "POST /nacos/v1/cs/configs/listener HTTP/1.1" 200 - 29513 Java/1.8.0_321
192.168.78.10 - - [12/Mar/2023:00:41:11 +0800] "GET /nacos/v1/cs/health HTTP/1.1" 200 2 3 Apache-HttpAsyncClient/4.1.3 (Java/1.8.0_321)
127.0.0.1 - - [12/Mar/2023:00:41:12 +0800] "PUT /nacos/v1/ns/instance/beat?app=unknown&namespaceId=public&port=7000&clusterName=DEFAULT&ip=192.168.78.10&serviceName=DEFAULT_GROUP%40%40gulimall-coupon&encoding=UTF-8 HTTP/1.1" 200 75 3 Nacos-Java-Client:v1.2.1
192.168.78.10 - - [12/Mar/2023:00:41:16 +0800] "GET /nacos/v1/cs/health HTTP/1.1" 200 2 3 Apache-HttpAsyncClient/4.1.3 (Java/1.8.0_321)
127.0.0.1 - - [12/Mar/2023:00:41:17 +0800] "PUT /nacos/v1/ns/instance/beat?app=unknown&namespaceId=public&port=7000&clusterName=DEFAULT&ip=192.168.78.10&serviceName=DEFAULT_GROUP%40%40gulimall-coupon&encoding=UTF-8 HTTP/1.1" 200 75 2 Nacos-Java-Client:v1.2.1
192.168.78.10 - - [12/Mar/2023:00:41:21 +0800] "GET /nacos/v1/cs/health HTTP/1.1" 200 2 3 Apache-HttpAsyncClient/4.1.3 (Java/1.8.0_321)
127.0.0.1 - - [12/Mar/2023:00:41:22 +0800] "PUT /nacos/v1/ns/instance/beat?app=unknown&namespaceId=public&port=7000&clusterName=DEFAULT&ip=192.168.78.10&serviceName=DEFAULT_GROUP%40%40gulimall-coupon&encoding=UTF-8 HTTP/1.1" 200 75 0 Nacos-Java-Client:v1.2.1
192.168.78.10 - - [12/Mar/2023:00:41:26 +0800] "GET /nacos/v1/cs/health HTTP/1.1" 200 2 18 Apache-HttpAsyncClient/4.1.3 (Java/1.8.0_321)
127.0.0.1 - - [12/Mar/2023:00:41:27 +0800] "PUT /nacos/v1/ns/instance/beat?app=unknown&namespaceId=public&port=7000&clusterName=DEFAULT&ip=192.168.78.10&serviceName=DEFAULT_GROUP%40%40gulimall-coupon&encoding=UTF-8 HTTP/1.1" 200 75 2 Nacos-Java-Client:v1.2.1
192.168.78.10 - - [12/Mar/2023:00:41:31 +0800] "GET /nacos/v1/cs/health HTTP/1.1" 200 2 4 Apache-HttpAsyncClient/4.1.3 (Java/1.8.0_321)
127.0.0.1 - - [12/Mar/2023:00:41:32 +0800] "PUT /nacos/v1/ns/instance/beat?app=unknown&namespaceId=public&port=7000&clusterName=DEFAULT&ip=192.168.78.10&serviceName=DEFAULT_GROUP%40%40gulimall-coupon&encoding=UTF-8 HTTP/1.1" 200 75 1 Nacos-Java-Client:v1.2.1
192.168.78.10 - - [12/Mar/2023:00:41:36 +0800] "GET /nacos/v1/cs/health HTTP/1.1" 200 2 2 Apache-HttpAsyncClient/4.1.3 (Java/1.8.0_321)
127.0.0.1 - - [12/Mar/2023:00:41:36 +0800] "POST /nacos/v1/cs/configs/listener HTTP/1.1" 200 - 29514 Java/1.8.0_321
127.0.0.1 - - [12/Mar/2023:00:41:37 +0800] "PUT /nacos/v1/ns/instance/beat?app=unknown&namespaceId=public&port=7000&clusterName=DEFAULT&ip=192.168.78.10&serviceName=DEFAULT_GROUP%40%40gulimall-coupon&encoding=UTF-8 HTTP/1.1" 200 75 2 Nacos-Java-Client:v1.2.1
192.168.78.10 - - [12/Mar/2023:00:41:41 +0800] "GET /nacos/v1/cs/health HTTP/1.1" 200 2 2 Apache-HttpAsyncClient/4.1.3 (Java/1.8.0_321)
127.0.0.1 - - [12/Mar/2023:00:41:42 +0800] "PUT /nacos/v1/ns/instance/beat?app=unknown&namespaceId=public&port=7000&clusterName=DEFAULT&ip=192.168.78.10&serviceName=DEFAULT_GROUP%40%40gulimall-coupon&encoding=UTF-8 HTTP/1.1" 200 75 3 Nacos-Java-Client:v1.2.1
192.168.78.10 - - [12/Mar/2023:00:41:46 +0800] "GET /nacos/v1/cs/health HTTP/1.1" 200 2 3 Apache-HttpAsyncClient/4.1.3 (Java/1.8.0_321)
127.0.0.1 - - [12/Mar/2023:00:41:47 +0800] "PUT /nacos/v1/ns/instance/beat?app=unknown&namespaceId=public&port=7000&clusterName=DEFAULT&ip=192.168.78.10&serviceName=DEFAULT_GROUP%40%40gulimall-coupon&encoding=UTF-8 HTTP/1.1" 200 75 2 Nacos-Java-Client:v1.2.1
192.168.78.10 - - [12/Mar/2023:00:41:51 +0800] "GET /nacos/v1/cs/health HTTP/1.1" 200 2 3 Apache-HttpAsyncClient/4.1.3 (Java/1.8.0_321)
127.0.0.1 - - [12/Mar/2023:00:41:52 +0800] "PUT /nacos/v1/ns/instance/beat?app=unknown&namespaceId=public&port=7000&clusterName=DEFAULT&ip=192.168.78.10&serviceName=DEFAULT_GROUP%40%40gulimall-coupon&encoding=UTF-8 HTTP/1.1" 200 75 2 Nacos-Java-Client:v1.2.1
192.168.78.10 - - [12/Mar/2023:00:41:56 +0800] "GET /nacos/v1/cs/health HTTP/1.1" 200 2 3 Apache-HttpAsyncClient/4.1.3 (Java/1.8.0_321)
127.0.0.1 - - [12/Mar/2023:00:41:57 +0800] "PUT /nacos/v1/ns/instance/beat?app=unknown&namespaceId=public&port=7000&clusterName=DEFAULT&ip=192.168.78.10&serviceName=DEFAULT_GROUP%40%40gulimall-coupon&encoding=UTF-8 HTTP/1.1" 200 75 1 Nacos-Java-Client:v1.2.1
192.168.78.10 - - [12/Mar/2023:00:42:01 +0800] "GET /nacos/v1/cs/health HTTP/1.1" 200 2 4 Apache-HttpAsyncClient/4.1.3 (Java/1.8.0_321)
127.0.0.1 - - [12/Mar/2023:00:42:02 +0800] "PUT /nacos/v1/ns/instance/beat?app=unknown&namespaceId=public&port=7000&clusterName=DEFAULT&ip=192.168.78.10&serviceName=DEFAULT_GROUP%40%40gulimall-coupon&encoding=UTF-8 HTTP/1.1" 200 75 3 Nacos-Java-Client:v1.2.1
127.0.0.1 - - [12/Mar/2023:00:42:06 +0800] "POST /nacos/v1/cs/configs/listener HTTP/1.1" 200 - 29508 Java/1.8.0_321
192.168.78.10 - - [12/Mar/2023:00:42:06 +0800] "GET /nacos/v1/cs/health HTTP/1.1" 200 2 2 Apache-HttpAsyncClient/4.1.3 (Java/1.8.0_321)
127.0.0.1 - - [12/Mar/2023:00:42:07 +0800] "PUT /nacos/v1/ns/instance/beat?app=unknown&namespaceId=public&port=7000&clusterName=DEFAULT&ip=192.168.78.10&serviceName=DEFAULT_GROUP%40%40gulimall-coupon&encoding=UTF-8 HTTP/1.1" 200 75 2 Nacos-Java-Client:v1.2.1
192.168.78.10 - - [12/Mar/2023:00:42:11 +0800] "GET /nacos/v1/cs/health HTTP/1.1" 200 2 3 Apache-HttpAsyncClient/4.1.3 (Java/1.8.0_321)
127.0.0.1 - - [12/Mar/2023:00:42:12 +0800] "PUT /nacos/v1/ns/instance/beat?app=unknown&namespaceId=public&port=7000&clusterName=DEFAULT&ip=192.168.78.10&serviceName=DEFAULT_GROUP%40%40gulimall-coupon&encoding=UTF-8 HTTP/1.1" 200 75 2 Nacos-Java-Client:v1.2.1
192.168.78.10 - - [12/Mar/2023:00:42:16 +0800] "GET /nacos/v1/cs/health HTTP/1.1" 200 2 3 Apache-HttpAsyncClient/4.1.3 (Java/1.8.0_321)
127.0.0.1 - - [12/Mar/2023:00:42:17 +0800] "PUT /nacos/v1/ns/instance/beat?app=unknown&namespaceId=public&port=7000&clusterName=DEFAULT&ip=192.168.78.10&serviceName=DEFAULT_GROUP%40%40gulimall-coupon&encoding=UTF-8 HTTP/1.1" 200 75 1 Nacos-Java-Client:v1.2.1
192.168.78.10 - - [12/Mar/2023:00:42:21 +0800] "GET /nacos/v1/cs/health HTTP/1.1" 200 2 4 Apache-HttpAsyncClient/4.1.3 (Java/1.8.0_321)
127.0.0.1 - - [12/Mar/2023:00:42:22 +0800] "PUT /nacos/v1/ns/instance/beat?app=unknown&namespaceId=public&port=7000&clusterName=DEFAULT&ip=192.168.78.10&serviceName=DEFAULT_GROUP%40%40gulimall-coupon&encoding=UTF-8 HTTP/1.1" 200 75 1 Nacos-Java-Client:v1.2.1
192.168.78.10 - - [12/Mar/2023:00:42:26 +0800] "GET /nacos/v1/cs/health HTTP/1.1" 200 2 2 Apache-HttpAsyncClient/4.1.3 (Java/1.8.0_321)
127.0.0.1 - - [12/Mar/2023:00:42:27 +0800] "PUT /nacos/v1/ns/instance/beat?app=unknown&namespaceId=public&port=7000&clusterName=DEFAULT&ip=192.168.78.10&serviceName=DEFAULT_GROUP%40%40gulimall-coupon&encoding=UTF-8 HTTP/1.1" 200 75 1 Nacos-Java-Client:v1.2.1
192.168.78.10 - - [12/Mar/2023:00:42:31 +0800] "GET /nacos/v1/cs/health HTTP/1.1" 200 2 5 Apache-HttpAsyncClient/4.1.3 (Java/1.8.0_321)
127.0.0.1 - - [12/Mar/2023:00:42:32 +0800] "PUT /nacos/v1/ns/instance/beat?app=unknown&namespaceId=public&port=7000&clusterName=DEFAULT&ip=192.168.78.10&serviceName=DEFAULT_GROUP%40%40gulimall-coupon&encoding=UTF-8 HTTP/1.1" 200 75 2 Nacos-Java-Client:v1.2.1
127.0.0.1 - - [12/Mar/2023:00:42:35 +0800] "POST /nacos/v1/cs/configs/listener HTTP/1.1" 200 - 29505 Java/1.8.0_321
192.168.78.10 - - [12/Mar/2023:00:42:36 +0800] "GET /nacos/v1/cs/health HTTP/1.1" 200 2 2 Apache-HttpAsyncClient/4.1.3 (Java/1.8.0_321)
127.0.0.1 - - [12/Mar/2023:00:42:37 +0800] "PUT /nacos/v1/ns/instance/beat?app=unknown&namespaceId=public&port=7000&clusterName=DEFAULT&ip=192.168.78.10&serviceName=DEFAULT_GROUP%40%40gulimall-coupon&encoding=UTF-8 HTTP/1.1" 200 75 2 Nacos-Java-Client:v1.2.1
192.168.78.10 - - [12/Mar/2023:00:42:41 +0800] "GET /nacos/v1/cs/health HTTP/1.1" 200 2 3 Apache-HttpAsyncClient/4.1.3 (Java/1.8.0_321)
127.0.0.1 - - [12/Mar/2023:00:42:42 +0800] "PUT /nacos/v1/ns/instance/beat?app=unknown&namespaceId=public&port=7000&clusterName=DEFAULT&ip=192.168.78.10&serviceName=DEFAULT_GROUP%40%40gulimall-coupon&encoding=UTF-8 HTTP/1.1" 200 75 3 Nacos-Java-Client:v1.2.1
192.168.78.10 - - [12/Mar/2023:00:42:46 +0800] "GET /nacos/v1/cs/health HTTP/1.1" 200 2 4 Apache-HttpAsyncClient/4.1.3 (Java/1.8.0_321)
127.0.0.1 - - [12/Mar/2023:00:42:47 +0800] "PUT /nacos/v1/ns/instance/beat?app=unknown&namespaceId=public&port=7000&clusterName=DEFAULT&ip=192.168.78.10&serviceName=DEFAULT_GROUP%40%40gulimall-coupon&encoding=UTF-8 HTTP/1.1" 200 75 2 Nacos-Java-Client:v1.2.1
192.168.78.10 - - [12/Mar/2023:00:42:51 +0800] "GET /nacos/v1/cs/health HTTP/1.1" 200 2 5 Apache-HttpAsyncClient/4.1.3 (Java/1.8.0_321)
127.0.0.1 - - [12/Mar/2023:00:42:52 +0800] "PUT /nacos/v1/ns/instance/beat?app=unknown&namespaceId=public&port=7000&clusterName=DEFAULT&ip=192.168.78.10&serviceName=DEFAULT_GROUP%40%40gulimall-coupon&encoding=UTF-8 HTTP/1.1" 200 75 3 Nacos-Java-Client:v1.2.1
127.0.0.1 - - [12/Mar/2023:00:42:55 +0800] "GET /nacos/v1/cs/configs?dataId=&group=&appName=&config_tags=&pageNo=1&pageSize=10&tenant=5bd9d83b-eada-4800-aed9-0325195a525c&search=accurate&accessToken=eyJhbGciOiJIUzI1NiJ9.eyJzdWIiOiJuYWNvcyIsImV4cCI6MTY3ODU1MDM1NX0.Jp5lIfp23QE75i5C4IP4tlZDtEOOasf-bsRQuUsTDhI HTTP/1.1" 200 1247 4 Mozilla/5.0 (Windows NT 10.0; Win64; x64) AppleWebKit/537.36 (KHTML, like Gecko) Chrome/110.0.0.0 Safari/537.36 Edg/110.0.1587.69
192.168.78.10 - - [12/Mar/2023:00:42:56 +0800] "GET /nacos/v1/cs/health HTTP/1.1" 200 2 3 Apache-HttpAsyncClient/4.1.3 (Java/1.8.0_321)
127.0.0.1 - - [12/Mar/2023:00:42:57 +0800] "PUT /nacos/v1/ns/instance/beat?app=unknown&namespaceId=public&port=7000&clusterName=DEFAULT&ip=192.168.78.10&serviceName=DEFAULT_GROUP%40%40gulimall-coupon&encoding=UTF-8 HTTP/1.1" 200 75 3 Nacos-Java-Client:v1.2.1
192.168.78.10 - - [12/Mar/2023:00:43:01 +0800] "GET /nacos/v1/cs/health HTTP/1.1" 200 2 3 Apache-HttpAsyncClient/4.1.3 (Java/1.8.0_321)
127.0.0.1 - - [12/Mar/2023:00:43:02 +0800] "PUT /nacos/v1/ns/instance/beat?app=unknown&namespaceId=public&port=7000&clusterName=DEFAULT&ip=192.168.78.10&serviceName=DEFAULT_GROUP%40%40gulimall-coupon&encoding=UTF-8 HTTP/1.1" 200 75 1 Nacos-Java-Client:v1.2.1
127.0.0.1 - - [12/Mar/2023:00:43:05 +0800] "POST /nacos/v1/cs/configs/listener HTTP/1.1" 200 - 29518 Java/1.8.0_321
192.168.78.10 - - [12/Mar/2023:00:43:06 +0800] "GET /nacos/v1/cs/health HTTP/1.1" 200 2 2 Apache-HttpAsyncClient/4.1.3 (Java/1.8.0_321)
127.0.0.1 - - [12/Mar/2023:00:43:07 +0800] "PUT /nacos/v1/ns/instance/beat?app=unknown&namespaceId=public&port=7000&clusterName=DEFAULT&ip=192.168.78.10&serviceName=DEFAULT_GROUP%40%40gulimall-coupon&encoding=UTF-8 HTTP/1.1" 200 75 3 Nacos-Java-Client:v1.2.1
127.0.0.1 - - [12/Mar/2023:00:43:10 +0800] "GET /nacos/v1/cs/configs?dataId=datasource.yml&group=dev&namespaceId=5bd9d83b-eada-4800-aed9-0325195a525c&tenant=5bd9d83b-eada-4800-aed9-0325195a525c&beta=true&accessToken=eyJhbGciOiJIUzI1NiJ9.eyJzdWIiOiJuYWNvcyIsImV4cCI6MTY3ODU1MDM1NX0.Jp5lIfp23QE75i5C4IP4tlZDtEOOasf-bsRQuUsTDhI HTTP/1.1" 200 60 2 Mozilla/5.0 (Windows NT 10.0; Win64; x64) AppleWebKit/537.36 (KHTML, like Gecko) Chrome/110.0.0.0 Safari/537.36 Edg/110.0.1587.69
127.0.0.1 - - [12/Mar/2023:00:43:10 +0800] "GET /nacos/v1/cs/configs?dataId=datasource.yml&group=dev&namespaceId=5bd9d83b-eada-4800-aed9-0325195a525c&tenant=5bd9d83b-eada-4800-aed9-0325195a525c&show=all&accessToken=eyJhbGciOiJIUzI1NiJ9.eyJzdWIiOiJuYWNvcyIsImV4cCI6MTY3ODU1MDM1NX0.Jp5lIfp23QE75i5C4IP4tlZDtEOOasf-bsRQuUsTDhI HTTP/1.1" 200 553 3 Mozilla/5.0 (Windows NT 10.0; Win64; x64) AppleWebKit/537.36 (KHTML, like Gecko) Chrome/110.0.0.0 Safari/537.36 Edg/110.0.1587.69
192.168.78.10 - - [12/Mar/2023:00:43:11 +0800] "GET /nacos/v1/cs/health HTTP/1.1" 200 2 1 Apache-HttpAsyncClient/4.1.3 (Java/1.8.0_321)
127.0.0.1 - - [12/Mar/2023:00:43:12 +0800] "PUT /nacos/v1/ns/instance/beat?app=unknown&namespaceId=public&port=7000&clusterName=DEFAULT&ip=192.168.78.10&serviceName=DEFAULT_GROUP%40%40gulimall-coupon&encoding=UTF-8 HTTP/1.1" 200 75 4 Nacos-Java-Client:v1.2.1
127.0.0.1 - - [12/Mar/2023:00:43:13 +0800] "GET /nacos/v1/cs/configs?dataId=&group=&appName=&config_tags=&pageNo=1&pageSize=10&tenant=5bd9d83b-eada-4800-aed9-0325195a525c&search=accurate&accessToken=eyJhbGciOiJIUzI1NiJ9.eyJzdWIiOiJuYWNvcyIsImV4cCI6MTY3ODU1MDM1NX0.Jp5lIfp23QE75i5C4IP4tlZDtEOOasf-bsRQuUsTDhI HTTP/1.1" 200 1247 5 Mozilla/5.0 (Windows NT 10.0; Win64; x64) AppleWebKit/537.36 (KHTML, like Gecko) Chrome/110.0.0.0 Safari/537.36 Edg/110.0.1587.69
192.168.78.10 - - [12/Mar/2023:00:43:16 +0800] "GET /nacos/v1/cs/health HTTP/1.1" 200 2 3 Apache-HttpAsyncClient/4.1.3 (Java/1.8.0_321)
127.0.0.1 - - [12/Mar/2023:00:43:17 +0800] "PUT /nacos/v1/ns/instance/beat?app=unknown&namespaceId=public&port=7000&clusterName=DEFAULT&ip=192.168.78.10&serviceName=DEFAULT_GROUP%40%40gulimall-coupon&encoding=UTF-8 HTTP/1.1" 200 75 2 Nacos-Java-Client:v1.2.1
127.0.0.1 - - [12/Mar/2023:00:43:17 +0800] "GET /nacos/v1/cs/configs?show=all&dataId=gulimall-coupon.properties&group=dev&tenant=5bd9d83b-eada-4800-aed9-0325195a525c&accessToken=eyJhbGciOiJIUzI1NiJ9.eyJzdWIiOiJuYWNvcyIsImV4cCI6MTY3ODU1MDM1NX0.Jp5lIfp23QE75i5C4IP4tlZDtEOOasf-bsRQuUsTDhI&namespaceId=5bd9d83b-eada-4800-aed9-0325195a525c HTTP/1.1" 200 436 4 Mozilla/5.0 (Windows NT 10.0; Win64; x64) AppleWebKit/537.36 (KHTML, like Gecko) Chrome/110.0.0.0 Safari/537.36 Edg/110.0.1587.69
192.168.78.10 - - [12/Mar/2023:00:43:21 +0800] "GET /nacos/v1/cs/health HTTP/1.1" 200 2 2 Apache-HttpAsyncClient/4.1.3 (Java/1.8.0_321)
127.0.0.1 - - [12/Mar/2023:00:43:22 +0800] "GET /nacos/v1/cs/configs?dataId=&group=&appName=&config_tags=&pageNo=1&pageSize=10&tenant=5bd9d83b-eada-4800-aed9-0325195a525c&search=accurate&accessToken=eyJhbGciOiJIUzI1NiJ9.eyJzdWIiOiJuYWNvcyIsImV4cCI6MTY3ODU1MDM1NX0.Jp5lIfp23QE75i5C4IP4tlZDtEOOasf-bsRQuUsTDhI HTTP/1.1" 200 1247 4 Mozilla/5.0 (Windows NT 10.0; Win64; x64) AppleWebKit/537.36 (KHTML, like Gecko) Chrome/110.0.0.0 Safari/537.36 Edg/110.0.1587.69
127.0.0.1 - - [12/Mar/2023:00:43:22 +0800] "PUT /nacos/v1/ns/instance/beat?app=unknown&namespaceId=public&port=7000&clusterName=DEFAULT&ip=192.168.78.10&serviceName=DEFAULT_GROUP%40%40gulimall-coupon&encoding=UTF-8 HTTP/1.1" 200 75 5 Nacos-Java-Client:v1.2.1
192.168.78.10 - - [12/Mar/2023:00:43:26 +0800] "GET /nacos/v1/cs/health HTTP/1.1" 200 2 2 Apache-HttpAsyncClient/4.1.3 (Java/1.8.0_321)
127.0.0.1 - - [12/Mar/2023:00:43:27 +0800] "PUT /nacos/v1/ns/instance/beat?app=unknown&namespaceId=public&port=7000&clusterName=DEFAULT&ip=192.168.78.10&serviceName=DEFAULT_GROUP%40%40gulimall-coupon&encoding=UTF-8 HTTP/1.1" 200 75 4 Nacos-Java-Client:v1.2.1
127.0.0.1 - - [12/Mar/2023:00:43:29 +0800] "GET /nacos/v1/cs/configs?dataId=&group=&appName=&config_tags=&pageNo=1&pageSize=10&tenant=&search=accurate&accessToken=eyJhbGciOiJIUzI1NiJ9.eyJzdWIiOiJuYWNvcyIsImV4cCI6MTY3ODU1MDM1NX0.Jp5lIfp23QE75i5C4IP4tlZDtEOOasf-bsRQuUsTDhI HTTP/1.1" 200 265 4 Mozilla/5.0 (Windows NT 10.0; Win64; x64) AppleWebKit/537.36 (KHTML, like Gecko) Chrome/110.0.0.0 Safari/537.36 Edg/110.0.1587.69
192.168.78.10 - - [12/Mar/2023:00:43:31 +0800] "GET /nacos/v1/cs/health HTTP/1.1" 200 2 3 Apache-HttpAsyncClient/4.1.3 (Java/1.8.0_321)
127.0.0.1 - - [12/Mar/2023:00:43:32 +0800] "PUT /nacos/v1/ns/instance/beat?app=unknown&namespaceId=public&port=7000&clusterName=DEFAULT&ip=192.168.78.10&serviceName=DEFAULT_GROUP%40%40gulimall-coupon&encoding=UTF-8 HTTP/1.1" 200 75 2 Nacos-Java-Client:v1.2.1
127.0.0.1 - - [12/Mar/2023:00:43:35 +0800] "POST /nacos/v1/cs/configs/listener HTTP/1.1" 200 - 29516 Java/1.8.0_321
192.168.78.10 - - [12/Mar/2023:00:43:36 +0800] "GET /nacos/v1/cs/health HTTP/1.1" 200 2 3 Apache-HttpAsyncClient/4.1.3 (Java/1.8.0_321)
127.0.0.1 - - [12/Mar/2023:00:43:37 +0800] "PUT /nacos/v1/ns/instance/beat?app=unknown&namespaceId=public&port=7000&clusterName=DEFAULT&ip=192.168.78.10&serviceName=DEFAULT_GROUP%40%40gulimall-coupon&encoding=UTF-8 HTTP/1.1" 200 75 1 Nacos-Java-Client:v1.2.1
192.168.78.10 - - [12/Mar/2023:00:43:41 +0800] "GET /nacos/v1/cs/health HTTP/1.1" 200 2 1 Apache-HttpAsyncClient/4.1.3 (Java/1.8.0_321)
127.0.0.1 - - [12/Mar/2023:00:43:42 +0800] "PUT /nacos/v1/ns/instance/beat?app=unknown&namespaceId=public&port=7000&clusterName=DEFAULT&ip=192.168.78.10&serviceName=DEFAULT_GROUP%40%40gulimall-coupon&encoding=UTF-8 HTTP/1.1" 200 75 3 Nacos-Java-Client:v1.2.1
192.168.78.10 - - [12/Mar/2023:00:43:46 +0800] "GET /nacos/v1/cs/health HTTP/1.1" 200 2 2 Apache-HttpAsyncClient/4.1.3 (Java/1.8.0_321)
127.0.0.1 - - [12/Mar/2023:00:43:47 +0800] "PUT /nacos/v1/ns/instance/beat?app=unknown&namespaceId=public&port=7000&clusterName=DEFAULT&ip=192.168.78.10&serviceName=DEFAULT_GROUP%40%40gulimall-coupon&encoding=UTF-8 HTTP/1.1" 200 75 1 Nacos-Java-Client:v1.2.1
192.168.78.10 - - [12/Mar/2023:00:43:51 +0800] "GET /nacos/v1/cs/health HTTP/1.1" 200 2 4 Apache-HttpAsyncClient/4.1.3 (Java/1.8.0_321)
127.0.0.1 - - [12/Mar/2023:00:43:52 +0800] "PUT /nacos/v1/ns/instance/beat?app=unknown&namespaceId=public&port=7000&clusterName=DEFAULT&ip=192.168.78.10&serviceName=DEFAULT_GROUP%40%40gulimall-coupon&encoding=UTF-8 HTTP/1.1" 200 75 2 Nacos-Java-Client:v1.2.1
192.168.78.10 - - [12/Mar/2023:00:43:56 +0800] "GET /nacos/v1/cs/health HTTP/1.1" 200 2 2 Apache-HttpAsyncClient/4.1.3 (Java/1.8.0_321)
127.0.0.1 - - [12/Mar/2023:00:43:57 +0800] "PUT /nacos/v1/ns/instance/beat?app=unknown&namespaceId=public&port=7000&clusterName=DEFAULT&ip=192.168.78.10&serviceName=DEFAULT_GROUP%40%40gulimall-coupon&encoding=UTF-8 HTTP/1.1" 200 75 5 Nacos-Java-Client:v1.2.1
127.0.0.1 - - [12/Mar/2023:00:43:58 +0800] "GET /nacos/v1/console/namespaces?&accessToken=eyJhbGciOiJIUzI1NiJ9.eyJzdWIiOiJuYWNvcyIsImV4cCI6MTY3ODU1MDM1NX0.Jp5lIfp23QE75i5C4IP4tlZDtEOOasf-bsRQuUsTDhI&namespaceId= HTTP/1.1" 200 481 9 Mozilla/5.0 (Windows NT 10.0; Win64; x64) AppleWebKit/537.36 (KHTML, like Gecko) Chrome/110.0.0.0 Safari/537.36 Edg/110.0.1587.69
192.168.78.10 - - [12/Mar/2023:00:44:01 +0800] "GET /nacos/v1/cs/health HTTP/1.1" 200 2 1 Apache-HttpAsyncClient/4.1.3 (Java/1.8.0_321)
127.0.0.1 - - [12/Mar/2023:00:44:02 +0800] "PUT /nacos/v1/ns/instance/beat?app=unknown&namespaceId=public&port=7000&clusterName=DEFAULT&ip=192.168.78.10&serviceName=DEFAULT_GROUP%40%40gulimall-coupon&encoding=UTF-8 HTTP/1.1" 200 75 2 Nacos-Java-Client:v1.2.1
127.0.0.1 - - [12/Mar/2023:00:44:04 +0800] "POST /nacos/v1/cs/configs/listener HTTP/1.1" 200 - 29509 Java/1.8.0_321
192.168.78.10 - - [12/Mar/2023:00:44:06 +0800] "GET /nacos/v1/cs/health HTTP/1.1" 200 2 1 Apache-HttpAsyncClient/4.1.3 (Java/1.8.0_321)
127.0.0.1 - - [12/Mar/2023:00:44:07 +0800] "PUT /nacos/v1/ns/instance/beat?app=unknown&namespaceId=public&port=7000&clusterName=DEFAULT&ip=192.168.78.10&serviceName=DEFAULT_GROUP%40%40gulimall-coupon&encoding=UTF-8 HTTP/1.1" 200 75 1 Nacos-Java-Client:v1.2.1
127.0.0.1 - - [12/Mar/2023:00:44:10 +0800] "DELETE /nacos/v1/ns/instance?app=unknown&namespaceId=public&port=7000&clusterName=DEFAULT&ip=192.168.78.10&ephemeral=true&serviceName=DEFAULT_GROUP%40%40gulimall-coupon&encoding=UTF-8 HTTP/1.1" 200 2 1 Nacos-Java-Client:v1.2.1
192.168.78.10 - - [12/Mar/2023:00:44:11 +0800] "GET /nacos/v1/cs/health HTTP/1.1" 200 2 2 Apache-HttpAsyncClient/4.1.3 (Java/1.8.0_321)
127.0.0.1 - - [12/Mar/2023:00:44:14 +0800] "GET /nacos/v1/cs/configs?dataId=gulimall-coupon&group=dev&tenant=5bd9d83b-eada-4800-aed9-0325195a525c HTTP/1.1" 404 23 3 Java/1.8.0_321
127.0.0.1 - - [12/Mar/2023:00:44:14 +0800] "GET /nacos/v1/cs/configs?dataId=gulimall-coupon.properties&group=dev&tenant=5bd9d83b-eada-4800-aed9-0325195a525c HTTP/1.1" 200 69 2 Java/1.8.0_321
192.168.78.10 - - [12/Mar/2023:00:44:16 +0800] "GET /nacos/v1/cs/health HTTP/1.1" 200 2 2 Apache-HttpAsyncClient/4.1.3 (Java/1.8.0_321)
127.0.0.1 - - [12/Mar/2023:00:44:18 +0800] "POST /nacos/v1/ns/instance?app=unknown&metadata=%7B%22preserved.register.source%22%3A%22SPRING_CLOUD%22%7D&ip=192.168.78.10&weight=1.0&ephemeral=true&serviceName=DEFAULT_GROUP%40%40gulimall-coupon&encoding=UTF-8&groupName=DEFAULT_GROUP&namespaceId=public&port=7000&enable=true&healthy=true&clusterName=DEFAULT HTTP/1.1" 200 2 3 Nacos-Java-Client:v1.2.1
127.0.0.1 - - [12/Mar/2023:00:44:18 +0800] "POST /nacos/v1/cs/configs/listener HTTP/1.1" 200 - 3 Java/1.8.0_321
127.0.0.1 - - [12/Mar/2023:00:44:18 +0800] "POST /nacos/v1/cs/configs/listener HTTP/1.1" 200 - 1 Java/1.8.0_321
192.168.78.10 - - [12/Mar/2023:00:44:21 +0800] "GET /nacos/v1/cs/health HTTP/1.1" 200 2 3 Apache-HttpAsyncClient/4.1.3 (Java/1.8.0_321)
